src/services/store-products-cross.service.ts(1050,61): error TS2345: Argument of type '{ title: string; status: "ACTIVE" | "DRAFT"; descriptionHtml: string | undefined; productType: string | undefined; tags: string[] | undefined; options: string[] | undefined; variants: { ...; }[]; trackInventory: boolean; }' is not assignable to parameter of type '{ title: string; status?: "ACTIVE" | "DRAFT" | "ARCHIVED" | undefined; descriptionHtml?: string | undefined; vendor?: string | undefined; productType?: string | undefined; tags?: string[] | undefined; options?: string[] | undefined; variants?: { ...; }[] | undefined; trackInventory?: boolean | undefined; }'.
  Types of property 'variants' are incompatible.
    Type '{ price?: string | undefined; sku?: string | undefined; barcode?: string | undefined; options?: string[] | undefined; inventoryPolicy?: string | undefined; }[]' is not assignable to type '{ price?: string | undefined; sku?: string | undefined; barcode?: string | undefined; options?: string[] | undefined; inventoryPolicy?: "CONTINUE" | "DENY" | null | undefined; inventoryItem?: { ...; } | undefined; inventoryManagement?: "SHOPIFY" | ... 1 more ... | undefined; }[]'.
      Type '{ price?: string | undefined; sku?: string | undefined; barcode?: string | undefined; options?: string[] | undefined; inventoryPolicy?: string | undefined; }' is not assignable to type '{ price?: string | undefined; sku?: string | undefined; barcode?: string | undefined; options?: string[] | undefined; inventoryPolicy?: "CONTINUE" | "DENY" | null | undefined; inventoryItem?: { ...; } | undefined; inventoryManagement?: "SHOPIFY" | ... 1 more ... | undefined; }'.
        Types of property 'inventoryPolicy' are incompatible.
          Type 'string | undefined' is not assignable to type '"CONTINUE" | "DENY" | null | undefined'.
            Type 'string' is not assignable to type '"CONTINUE" | "DENY" | null | undefined'.
src/services/store-products-sync.service.ts(347,56): error TS2345: Argument of type '{ title: string; status: "ACTIVE" | "DRAFT"; descriptionHtml: string | undefined; vendor: string | undefined; productType: string | undefined; tags: string[] | undefined; options: string[] | undefined; variants: { ...; }[]; trackInventory: boolean; }' is not assignable to parameter of type '{ title: string; status?: "ACTIVE" | "DRAFT" | "ARCHIVED" | undefined; descriptionHtml?: string | undefined; vendor?: string | undefined; productType?: string | undefined; tags?: string[] | undefined; options?: string[] | undefined; variants?: { ...; }[] | undefined; trackInventory?: boolean | undefined; }'.
  Types of property 'variants' are incompatible.
    Type '{ price?: string | undefined; sku?: string | undefined; barcode?: string | undefined; options?: string[] | undefined; inventoryPolicy?: string | undefined; }[]' is not assignable to type '{ price?: string | undefined; sku?: string | undefined; barcode?: string | undefined; options?: string[] | undefined; inventoryPolicy?: "CONTINUE" | "DENY" | null | undefined; inventoryItem?: { ...; } | undefined; inventoryManagement?: "SHOPIFY" | ... 1 more ... | undefined; }[]'.
      Type '{ price?: string | undefined; sku?: string | undefined; barcode?: string | undefined; options?: string[] | undefined; inventoryPolicy?: string | undefined; }' is not assignable to type '{ price?: string | undefined; sku?: string | undefined; barcode?: string | undefined; options?: string[] | undefined; inventoryPolicy?: "CONTINUE" | "DENY" | null | undefined; inventoryItem?: { ...; } | undefined; inventoryManagement?: "SHOPIFY" | ... 1 more ... | undefined; }'.
        Types of property 'inventoryPolicy' are incompatible.
          Type 'string | undefined' is not assignable to type '"CONTINUE" | "DENY" | null | undefined'.
            Type 'string' is not assignable to type '"CONTINUE" | "DENY" | null | undefined'.
